Need to install the following packages:
tsc@2.0.4
Ok to proceed? (y) ^C